=== RUN   TestLength
=== RUN   TestLength/A_is_1
=== RUN   TestLength/b_is_2
=== RUN   TestLength/space_is_1
=== RUN   TestLength/nw_is_2
=== RUN   TestLength/Empty_is_0
--- PASS: TestLength (0.00s)
    --- PASS: TestLength/A_is_1 (0.00s)
    --- PASS: TestLength/b_is_2 (0.00s)
    --- PASS: TestLength/space_is_1 (0.00s)
    --- PASS: TestLength/nw_is_2 (0.00s)
    --- PASS: TestLength/Empty_is_0 (0.00s)
=== RUN   TestMakeMap
=== RUN   TestMakeMap/2s
=== RUN   TestMakeMap/2s_3s
--- PASS: TestMakeMap (0.00s)
    --- PASS: TestMakeMap/2s (0.00s)
    --- PASS: TestMakeMap/2s_3s (0.00s)
=== RUN   TestConvert
=== RUN   TestConvert/abc
=== RUN   TestConvert/Uppercase_ABC
=== RUN   TestConvert/aei
=== RUN   TestConvert/123
=== RUN   TestConvert/Spaces
=== RUN   TestConvert/Spaces_Ignore_spaces
=== RUN   TestConvert/Underscore_spaces
=== RUN   TestConvert/Dot_pauses
=== RUN   TestConvert/Pass_through_unknowns
=== RUN   TestConvert/Unicode_outside_mapping
=== RUN   TestConvert/+_and_*
=== RUN   TestConvert/Empty_string
=== RUN   TestConvert/All_options
--- PASS: TestConvert (0.00s)
    --- PASS: TestConvert/abc (0.00s)
    --- PASS: TestConvert/Uppercase_ABC (0.00s)
    --- PASS: TestConvert/aei (0.00s)
    --- PASS: TestConvert/123 (0.00s)
    --- PASS: TestConvert/Spaces (0.00s)
    --- PASS: TestConvert/Spaces_Ignore_spaces (0.00s)
    --- PASS: TestConvert/Underscore_spaces (0.00s)
    --- PASS: TestConvert/Dot_pauses (0.00s)
    --- PASS: TestConvert/Pass_through_unknowns (0.00s)
    --- PASS: TestConvert/Unicode_outside_mapping (0.00s)
    --- PASS: TestConvert/+_and_* (0.00s)
    --- PASS: TestConvert/Empty_string (0.00s)
    --- PASS: TestConvert/All_options (0.00s)
=== RUN   TestNumbers
=== RUN   TestNumbers/abc
=== RUN   TestNumbers/Spaces_Ignore_spaces
=== RUN   TestNumbers/Dot_pauses
=== RUN   TestNumbers/Underscore_space
=== RUN   TestNumbers/Unknown_options_ignored
--- PASS: TestNumbers (0.00s)
    --- PASS: TestNumbers/abc (0.00s)
    --- PASS: TestNumbers/Spaces_Ignore_spaces (0.00s)
    --- PASS: TestNumbers/Dot_pauses (0.00s)
    --- PASS: TestNumbers/Underscore_space (0.00s)
    --- PASS: TestNumbers/Unknown_options_ignored (0.00s)
=== RUN   TestDrawPhoneWithText
=== RUN   TestDrawPhoneWithText/success_cases
=== RUN   TestDrawPhoneWithText/success_cases/empty_text
=== RUN   TestDrawPhoneWithText/success_cases/normal_text
=== RUN   TestDrawPhoneWithText/success_cases/long_text
=== RUN   TestDrawPhoneWithText/invalid_output_path
--- PASS: TestDrawPhoneWithText (0.77s)
    --- PASS: TestDrawPhoneWithText/success_cases (0.77s)
        --- PASS: TestDrawPhoneWithText/success_cases/empty_text (0.25s)
        --- PASS: TestDrawPhoneWithText/success_cases/normal_text (0.26s)
        --- PASS: TestDrawPhoneWithText/success_cases/long_text (0.25s)
    --- PASS: TestDrawPhoneWithText/invalid_output_path (0.00s)
=== RUN   FuzzConvertAndNumbers
=== RUN   FuzzConvertAndNumbers/seed#0
=== RUN   FuzzConvertAndNumbers/seed#1
=== RUN   FuzzConvertAndNumbers/seed#2
=== RUN   FuzzConvertAndNumbers/seed#3
--- PASS: FuzzConvertAndNumbers (0.00s)
    --- PASS: FuzzConvertAndNumbers/seed#0 (0.00s)
    --- PASS: FuzzConvertAndNumbers/seed#1 (0.00s)
    --- PASS: FuzzConvertAndNumbers/seed#2 (0.00s)
    --- PASS: FuzzConvertAndNumbers/seed#3 (0.00s)
PASS
ok  	phonenumber	0.791s
=== RUN   TestRun
=== RUN   TestRun/help_flag
=== RUN   TestRun/invalid_flag
=== RUN   TestRun/invalid_fontsize
=== RUN   TestRun/invalid_output_dir
=== RUN   TestRun/default_success
=== RUN   TestRun/specific_text
=== RUN   TestRun/custom_fontsize
--- PASS: TestRun (0.71s)
    --- PASS: TestRun/help_flag (0.00s)
    --- PASS: TestRun/invalid_flag (0.00s)
    --- PASS: TestRun/invalid_fontsize (0.00s)
    --- PASS: TestRun/invalid_output_dir (0.02s)
    --- PASS: TestRun/default_success (0.21s)
    --- PASS: TestRun/specific_text (0.21s)
    --- PASS: TestRun/custom_fontsize (0.26s)
=== RUN   TestExecuteExitStatus
=== RUN   TestExecuteExitStatus/help_flag_returns_0
Usage of drawphonecli:
  -fontsize float
	Font size (default 12)
  -outfile string
	The output filename (default "out.png")
  -text string
	Text to write (default "Hello how are you?")
=== RUN   TestExecuteExitStatus/invalid_flag_returns_1
flag provided but not defined: -invalidflag
Usage of drawphonecli:
  -fontsize float
	Font size (default 12)
  -outfile string
	The output filename (default "out.png")
  -text string
	Text to write (default "Hello how are you?")
Error: flag provided but not defined: -invalidflag
=== RUN   TestExecuteExitStatus/valid_args_return_0
'4433555.555666 446669 277733 99966688?'
Wrote: /tmp/TestExecuteExitStatus2996166065/001/execute_success.png
--- PASS: TestExecuteExitStatus (0.20s)
    --- PASS: TestExecuteExitStatus/help_flag_returns_0 (0.00s)
    --- PASS: TestExecuteExitStatus/invalid_flag_returns_1 (0.00s)
    --- PASS: TestExecuteExitStatus/valid_args_return_0 (0.19s)
=== RUN   TestFontSizeStructuralDifference
--- PASS: TestFontSizeStructuralDifference (0.46s)
PASS
ok  	phonenumber/cmd/drawphonecli	1.380s

(drawphonegui.test:459199): Gtk-WARNING **: 10:39:48.619: cannot open display:
FAIL	phonenumber/cmd/drawphonegui	0.044s
FAIL
